--------------------------------------------------------------------------------
Release 13.4 Trace  (lin64)
Copyright (c) 1995-2011 Xilinx, Inc.  All rights reserved.

/usr/local/insa/Xilinx.ISE/13.4/ISE_DS/ISE/bin/lin64/unwrapped/trce -intstyle
ise -v 3 -s 3 -n 3 -fastpaths -xml ual.twx ual.ncd -o ual.twr ual.pcf

Design file:              ual.ncd
Physical constraint file: ual.pcf
Device,package,speed:     xc6slx16,csg324,C,-3 (PRODUCTION 1.21 2012-01-07)
Report level:             verbose report

Environment Variable      Effect 
--------------------      ------ 
NONE                      No environment variables were set
--------------------------------------------------------------------------------

INFO:Timing:2698 - No timing constraints found, doing default enumeration.
INFO:Timing:3412 - To improve timing, see the Timing Closure User Guide (UG612).
INFO:Timing:2752 - To get complete path coverage, use the unconstrained paths 
   option. All paths that are not constrained will be reported in the 
   unconstrained paths section(s) of the report.
INFO:Timing:3339 - The clock-to-out numbers in this timing report are based on 
   a 50 Ohm transmission line loading model.  For the details of this model, 
   and for more information on accounting for different loading conditions, 
   please see the device datasheet.



Data Sheet report:
-----------------
All values displayed in nanoseconds (ns)

Pad to Pad
---------------+---------------+---------+
Source Pad     |Destination Pad|  Delay  |
---------------+---------------+---------+
A<0>           |C              |    7.634|
A<0>           |N              |   11.444|
A<0>           |O              |   11.790|
A<0>           |S<0>           |   11.523|
A<0>           |S<1>           |   11.803|
A<0>           |S<2>           |   11.484|
A<0>           |S<3>           |   12.095|
A<0>           |S<4>           |   11.749|
A<0>           |S<5>           |   11.735|
A<0>           |S<6>           |   11.547|
A<0>           |S<7>           |   11.879|
A<0>           |Z              |   12.585|
A<1>           |C              |    7.500|
A<1>           |N              |   11.007|
A<1>           |O              |   11.353|
A<1>           |S<0>           |   11.086|
A<1>           |S<1>           |   11.366|
A<1>           |S<2>           |   11.047|
A<1>           |S<3>           |   11.658|
A<1>           |S<4>           |   11.312|
A<1>           |S<5>           |   11.298|
A<1>           |S<6>           |   11.110|
A<1>           |S<7>           |   11.442|
A<1>           |Z              |   12.148|
A<2>           |C              |    7.239|
A<2>           |N              |   11.086|
A<2>           |O              |   11.432|
A<2>           |S<0>           |   11.165|
A<2>           |S<1>           |   11.445|
A<2>           |S<2>           |   11.126|
A<2>           |S<3>           |   11.737|
A<2>           |S<4>           |   11.391|
A<2>           |S<5>           |   11.377|
A<2>           |S<6>           |   11.189|
A<2>           |S<7>           |   11.521|
A<2>           |Z              |   12.227|
A<3>           |C              |    7.240|
A<3>           |N              |   11.204|
A<3>           |O              |   11.550|
A<3>           |S<0>           |   11.283|
A<3>           |S<1>           |   11.563|
A<3>           |S<2>           |   11.244|
A<3>           |S<3>           |   11.855|
A<3>           |S<4>           |   11.509|
A<3>           |S<5>           |   11.495|
A<3>           |S<6>           |   11.307|
A<3>           |S<7>           |   11.639|
A<3>           |Z              |   12.345|
A<4>           |C              |    7.300|
A<4>           |N              |   11.424|
A<4>           |O              |   11.770|
A<4>           |S<0>           |   11.503|
A<4>           |S<1>           |   11.783|
A<4>           |S<2>           |   11.464|
A<4>           |S<3>           |   12.075|
A<4>           |S<4>           |   11.729|
A<4>           |S<5>           |   11.715|
A<4>           |S<6>           |   11.527|
A<4>           |S<7>           |   11.859|
A<4>           |Z              |   12.565|
A<5>           |C              |    7.716|
A<5>           |N              |   11.340|
A<5>           |O              |   11.686|
A<5>           |S<0>           |   11.419|
A<5>           |S<1>           |   11.699|
A<5>           |S<2>           |   11.380|
A<5>           |S<3>           |   11.991|
A<5>           |S<4>           |   11.645|
A<5>           |S<5>           |   11.631|
A<5>           |S<6>           |   11.443|
A<5>           |S<7>           |   11.775|
A<5>           |Z              |   12.481|
A<6>           |C              |    7.366|
A<6>           |N              |   11.225|
A<6>           |O              |   11.571|
A<6>           |S<0>           |   11.304|
A<6>           |S<1>           |   11.584|
A<6>           |S<2>           |   11.265|
A<6>           |S<3>           |   11.876|
A<6>           |S<4>           |   11.530|
A<6>           |S<5>           |   11.516|
A<6>           |S<6>           |   11.328|
A<6>           |S<7>           |   11.660|
A<6>           |Z              |   12.366|
A<7>           |C              |    7.321|
A<7>           |N              |   11.082|
A<7>           |O              |   11.428|
A<7>           |S<0>           |   11.161|
A<7>           |S<1>           |   11.441|
A<7>           |S<2>           |   11.122|
A<7>           |S<3>           |   11.733|
A<7>           |S<4>           |   11.387|
A<7>           |S<5>           |   11.373|
A<7>           |S<6>           |   11.185|
A<7>           |S<7>           |   11.517|
A<7>           |Z              |   12.223|
B<0>           |C              |    7.517|
B<0>           |N              |   10.389|
B<0>           |O              |   10.735|
B<0>           |S<0>           |   10.468|
B<0>           |S<1>           |   10.748|
B<0>           |S<2>           |   10.429|
B<0>           |S<3>           |   11.040|
B<0>           |S<4>           |   10.694|
B<0>           |S<5>           |   10.680|
B<0>           |S<6>           |   10.492|
B<0>           |S<7>           |   10.824|
B<0>           |Z              |   11.530|
B<1>           |C              |    6.707|
B<1>           |N              |   10.560|
B<1>           |O              |   10.906|
B<1>           |S<0>           |   10.639|
B<1>           |S<1>           |   10.919|
B<1>           |S<2>           |   10.600|
B<1>           |S<3>           |   11.211|
B<1>           |S<4>           |   10.865|
B<1>           |S<5>           |   10.851|
B<1>           |S<6>           |   10.663|
B<1>           |S<7>           |   10.995|
B<1>           |Z              |   11.701|
B<2>           |C              |    6.741|
B<2>           |N              |   10.730|
B<2>           |O              |   11.076|
B<2>           |S<0>           |   10.809|
B<2>           |S<1>           |   11.089|
B<2>           |S<2>           |   10.770|
B<2>           |S<3>           |   11.381|
B<2>           |S<4>           |   11.035|
B<2>           |S<5>           |   11.021|
B<2>           |S<6>           |   10.833|
B<2>           |S<7>           |   11.165|
B<2>           |Z              |   11.871|
B<3>           |C              |    6.497|
B<3>           |N              |   10.249|
B<3>           |O              |   10.595|
B<3>           |S<0>           |   10.328|
B<3>           |S<1>           |   10.608|
B<3>           |S<2>           |   10.289|
B<3>           |S<3>           |   10.900|
B<3>           |S<4>           |   10.554|
B<3>           |S<5>           |   10.540|
B<3>           |S<6>           |   10.352|
B<3>           |S<7>           |   10.684|
B<3>           |Z              |   11.390|
B<4>           |C              |    7.373|
B<4>           |N              |   10.613|
B<4>           |O              |   10.959|
B<4>           |S<0>           |   10.692|
B<4>           |S<1>           |   10.972|
B<4>           |S<2>           |   10.653|
B<4>           |S<3>           |   11.264|
B<4>           |S<4>           |   10.918|
B<4>           |S<5>           |   10.904|
B<4>           |S<6>           |   10.716|
B<4>           |S<7>           |   11.048|
B<4>           |Z              |   11.754|
B<5>           |C              |    6.882|
B<5>           |N              |   10.373|
B<5>           |O              |   10.719|
B<5>           |S<0>           |   10.452|
B<5>           |S<1>           |   10.732|
B<5>           |S<2>           |   10.413|
B<5>           |S<3>           |   11.024|
B<5>           |S<4>           |   10.678|
B<5>           |S<5>           |   10.664|
B<5>           |S<6>           |   10.476|
B<5>           |S<7>           |   10.808|
B<5>           |Z              |   11.514|
B<6>           |C              |    6.880|
B<6>           |N              |   10.343|
B<6>           |O              |   10.689|
B<6>           |S<0>           |   10.422|
B<6>           |S<1>           |   10.702|
B<6>           |S<2>           |   10.383|
B<6>           |S<3>           |   10.994|
B<6>           |S<4>           |   10.648|
B<6>           |S<5>           |   10.634|
B<6>           |S<6>           |   10.446|
B<6>           |S<7>           |   10.778|
B<6>           |Z              |   11.484|
B<7>           |C              |    6.964|
B<7>           |N              |   10.338|
B<7>           |O              |   10.684|
B<7>           |S<0>           |   10.417|
B<7>           |S<1>           |   10.697|
B<7>           |S<2>           |   10.378|
B<7>           |S<3>           |   10.989|
B<7>           |S<4>           |   10.643|
B<7>           |S<5>           |   10.629|
B<7>           |S<6>           |   10.441|
B<7>           |S<7>           |   10.773|
B<7>           |Z              |   11.479|
Ctrl_Alu<0>    |N              |    7.156|
Ctrl_Alu<0>    |S<0>           |    7.356|
Ctrl_Alu<0>    |S<1>           |    6.764|
Ctrl_Alu<0>    |S<2>           |    6.888|
Ctrl_Alu<0>    |S<3>           |    7.704|
Ctrl_Alu<0>    |S<4>           |    6.922|
Ctrl_Alu<0>    |S<5>           |    7.375|
Ctrl_Alu<0>    |S<6>           |    7.281|
Ctrl_Alu<0>    |S<7>           |    7.591|
Ctrl_Alu<0>    |Z              |    8.297|
Ctrl_Alu<1>    |N              |    6.844|
Ctrl_Alu<1>    |S<0>           |    7.014|
Ctrl_Alu<1>    |S<1>           |    6.897|
Ctrl_Alu<1>    |S<2>           |    6.687|
Ctrl_Alu<1>    |S<3>           |    7.772|
Ctrl_Alu<1>    |S<4>           |    7.076|
Ctrl_Alu<1>    |S<5>           |    7.721|
Ctrl_Alu<1>    |S<6>           |    7.331|
Ctrl_Alu<1>    |S<7>           |    7.279|
Ctrl_Alu<1>    |Z              |    8.563|
Ctrl_Alu<2>    |N              |    6.798|
Ctrl_Alu<2>    |S<0>           |    7.212|
Ctrl_Alu<2>    |S<1>           |    6.782|
Ctrl_Alu<2>    |S<2>           |    6.662|
Ctrl_Alu<2>    |S<3>           |    7.215|
Ctrl_Alu<2>    |S<4>           |    6.829|
Ctrl_Alu<2>    |S<5>           |    7.477|
Ctrl_Alu<2>    |S<6>           |    7.530|
Ctrl_Alu<2>    |S<7>           |    7.233|
Ctrl_Alu<2>    |Z              |    8.319|
---------------+---------------+---------+


Analysis completed Tue May  4 11:04:00 2021 
--------------------------------------------------------------------------------

Trace Settings:
-------------------------
Trace Settings 

Peak Memory Usage: 389 MB



